[2021-11-21T14:15:07.815+0000][23764][gc] Using G1
[2021-11-21T14:15:07.842+0000][23764][gc,init] Version: 17.0.1+12 (release)
[2021-11-21T14:15:07.842+0000][23764][gc,init] CPUs: 8 total, 8 available
[2021-11-21T14:15:07.842+0000][23764][gc,init] Memory: 16254M
[2021-11-21T14:15:07.842+0000][23764][gc,init] Large Page Support: Disabled
[2021-11-21T14:15:07.842+0000][23764][gc,init] NUMA Support: Disabled
[2021-11-21T14:15:07.842+0000][23764][gc,init] Compressed Oops: Enabled (Zero based)
[2021-11-21T14:15:07.842+0000][23764][gc,init] Heap Region Size: 4M
[2021-11-21T14:15:07.842+0000][23764][gc,init] Heap Min Capacity: 8128M
[2021-11-21T14:15:07.842+0000][23764][gc,init] Heap Initial Capacity: 8128M
[2021-11-21T14:15:07.842+0000][23764][gc,init] Heap Max Capacity: 8128M
[2021-11-21T14:15:07.842+0000][23764][gc,init] Pre-touch: Disabled
[2021-11-21T14:15:07.842+0000][23764][gc,init] Parallel Workers: 8
[2021-11-21T14:15:07.842+0000][23764][gc,init] Concurrent Workers: 2
[2021-11-21T14:15:07.842+0000][23764][gc,init] Concurrent Refinement Workers: 8
[2021-11-21T14:15:07.842+0000][23764][gc,init] Periodic GC: Disabled
[2021-11-21T14:15:07.842+0000][23764][gc,metaspace] CDS archive(s) not mapped
[2021-11-21T14:15:07.842+0000][23764][gc,metaspace] Compressed class space mapped at: 0x00000007c0000000-0x0000000800000000, reserved size: 1073741824
[2021-11-21T14:15:07.842+0000][23764][gc,metaspace] Narrow klass base: 0x0000000000000000, Narrow klass shift: 3, Narrow klass range: 0x800000000
[2021-11-21T14:15:07.921+0000][23764][gc,heap,exit] Heap
[2021-11-21T14:15:07.921+0000][23764][gc,heap,exit]  garbage-first heap   total 8323072K, used 6146K [0x00000005c4000000, 0x00000007c0000000)
[2021-11-21T14:15:07.921+0000][23764][gc,heap,exit]   region size 4096K, 2 young (8192K), 0 survivors (0K)
[2021-11-21T14:15:07.921+0000][23764][gc,heap,exit]  Metaspace       used 3537K, committed 3584K, reserved 1056768K
[2021-11-21T14:15:07.921+0000][23764][gc,heap,exit]   class space    used 281K, committed 320K, reserved 1048576K
